[debug] [2026-05-26T09:43:51.125Z] ----------------------------------------------------------------------
[debug] [2026-05-26T09:43:51.126Z] Command:       /usr/local/bin/node /usr/local/bin/firebase deploy --only hosting,firestore:rules
[debug] [2026-05-26T09:43:51.126Z] CLI Version:   15.11.0
[debug] [2026-05-26T09:43:51.126Z] Platform:      darwin
[debug] [2026-05-26T09:43:51.126Z] Node Version:  v24.12.0
[debug] [2026-05-26T09:43:51.126Z] Time:          Tue May 26 2026 11:43:51 GMT+0200 (Central European Summer Time)
[debug] [2026-05-26T09:43:51.126Z] ----------------------------------------------------------------------
[debug] 
[debug] [2026-05-26T09:43:51.127Z] >>> [apiv2][query] GET https://firebase-public.firebaseio.com/cli.json [none]
[debug] [2026-05-26T09:43:51.876Z] > command requires scopes: ["email","openid","https://www.googleapis.com/auth/cloudplatformprojects.readonly","https://www.googleapis.com/auth/firebase","https://www.googleapis.com/auth/cloud-platform"]
[debug] [2026-05-26T09:43:51.877Z] > authorizing via signed-in user (igor.janicki27@gmail.com)
[debug] [2026-05-26T09:43:51.877Z] [iam] checking project i-janicki for permissions ["datastore.indexes.create","datastore.indexes.delete","datastore.indexes.list","datastore.indexes.update","firebase.projects.get","firebasehosting.sites.update"]
[debug] [2026-05-26T09:43:51.877Z] Checked if tokens are valid: false, expires at: 1778685492460
[debug] [2026-05-26T09:43:51.877Z] Checked if tokens are valid: false, expires at: 1778685492460
[debug] [2026-05-26T09:43:51.877Z] > refreshing access token with scopes: []
[debug] [2026-05-26T09:43:51.878Z] >>> [apiv2][query] POST https://www.googleapis.com/oauth2/v3/token [none]
[debug] [2026-05-26T09:43:51.878Z] >>> [apiv2][body] POST https://www.googleapis.com/oauth2/v3/token [omitted]
[debug] [2026-05-26T09:43:51.879Z] *** [apiv2] error from fetch(https://firebase-public.firebaseio.com/cli.json, {"headers":{},"method":"GET"}): FetchError: request to https://firebase-public.firebaseio.com/cli.json failed, reason: getaddrinfo ENOTFOUND firebase-public.firebaseio.com
[warn] ⚠  Unable to fetch the CLI MOTD and remote config. This is not a fatal error, but may indicate an issue with your network connection. 
[debug] [2026-05-26T09:43:51.879Z] Failed to fetch MOTD FirebaseError: Failed to make request to https://firebase-public.firebaseio.com/cli.json
[debug] [2026-05-26T09:43:51.879Z] *** [apiv2] error from fetch(https://www.googleapis.com/oauth2/v3/token, {"headers":{},"method":"POST","body":{"_overheadLength":545,"_valueLength":212,"_valuesToMeasure":[],"writable":false,"readable":true,"dataSize":0,"maxDataSize":2097152,"pauseStreams":true,"_released":true,"_streams":[],"_currentStream":null,"_insideLoop":false,"_pendingNext":false,"_boundary":"--------------------------e8e9fe4ac71d33fdb6a15eee","_events":{},"_eventsCount":1}}): FetchError: request to https://www.googleapis.com/oauth2/v3/token failed, reason: getaddrinfo ENOTFOUND www.googleapis.com
[error] Authentication Error: Your credentials are no longer valid. Please run firebase login --reauth

For CI servers and headless environments, generate a new token with firebase login:ci
[debug] [2026-05-26T09:43:51.880Z] [iam] error while checking permissions, command may fail: Authentication Error: Your credentials are no longer valid. Please run firebase login --reauth

For CI servers and headless environments, generate a new token with firebase login:ci
[debug] [2026-05-26T09:43:51.880Z] Checked if tokens are valid: false, expires at: 1778685492460
[debug] [2026-05-26T09:43:51.880Z] Checked if tokens are valid: false, expires at: 1778685492460
[debug] [2026-05-26T09:43:51.880Z] > refreshing access token with scopes: []
[debug] [2026-05-26T09:43:51.880Z] >>> [apiv2][query] POST https://www.googleapis.com/oauth2/v3/token [none]
[debug] [2026-05-26T09:43:51.880Z] >>> [apiv2][body] POST https://www.googleapis.com/oauth2/v3/token [omitted]
[debug] [2026-05-26T09:43:51.884Z] *** [apiv2] error from fetch(https://www.googleapis.com/oauth2/v3/token, {"headers":{},"method":"POST","body":{"_overheadLength":545,"_valueLength":212,"_valuesToMeasure":[],"writable":false,"readable":true,"dataSize":0,"maxDataSize":2097152,"pauseStreams":true,"_released":true,"_streams":[],"_currentStream":null,"_insideLoop":false,"_pendingNext":false,"_boundary":"--------------------------a6b5918513a9e2e556bd8ab8","_events":{},"_eventsCount":1}}): FetchError: request to https://www.googleapis.com/oauth2/v3/token failed, reason: getaddrinfo ENOTFOUND www.googleapis.com
[error] Authentication Error: Your credentials are no longer valid. Please run firebase login --reauth

For CI servers and headless environments, generate a new token with firebase login:ci
[debug] [2026-05-26T09:43:51.884Z] Authentication Error: Your credentials are no longer valid. Please run firebase login --reauth

For CI servers and headless environments, generate a new token with firebase login:ci
[error] 
[error] Error: Assertion failed: resolving hosting target of a site with no site name or target name. This should have caused an error earlier
[debug] [2026-05-26T09:43:52.145Z] Error: EPERM: operation not permitted, open '/Users/janicki/.config/configstore/firebase-tools.json.1236884757'
    at Object.openSync (node:fs:560:18)
    at writeFile.writeFileSync [as sync] (/usr/local/lib/node_modules/firebase-tools/node_modules/write-file-atomic/index.js:205:13)
    at set all (/usr/local/lib/node_modules/firebase-tools/node_modules/configstore/index.js:61:20)
    at Configstore.delete (/usr/local/lib/node_modules/firebase-tools/node_modules/configstore/index.js:101:12)
    at process.<anonymous> (/usr/local/lib/node_modules/firebase-tools/lib/bin/cli.js:65:45)
    at process.emit (node:events:520:35)
    at process.exit (node:internal/process/per_thread:236:15)
    at Timeout._onTimeout (/usr/local/lib/node_modules/firebase-tools/lib/errorOut.js:20:17)
    at listOnTimeout (node:internal/timers:605:17)
    at process.processTimers (node:internal/timers:541:7)
[error] 
[error] Error: An unexpected error has occurred.
